(:territories (
               (argentina "Argentina" 1 ())
               (peru "Perú" 3 (argentina))
               (brazil "Brazil" 2 (argentina peru))
               (venezuela "Venezuela" 4 (peru brazil))

               (centroamerica "Central America" nil (venezuela))
               (eeuu-w "Western United States" nil (centroamerica))
               (eeuu-e "Eastern United States" nil (centroamerica eeuu-w))
               (alberta "Alberta" nil (eeuu-w))
               (ontario "Ontario" nil (alberta eeuu-w eeuu-e))
               (quebec "Québec" nil (ontario eeuu-e))
               (alaska "Alaska" nil (alberta))
               (nwt "Nortwest Territory" nil (alaska alberta ontario))
               (greenland "Greenland" nil (nwt ontario quebec))

               (africa-s "South Africa" nil ())
               (madagascar "Madagascar" nil (africa-s))
               (africa-c "Central Africa" nil (africa-s))
               (africa-e "East Africa" nil (africa-s africa-c madagascar))
               (africa-n "North Africa" nil (africa-c africa-e brazil))
               (egypt "Egypt" nil (africa-n africa-e))

               (europe-w "Western Europe" nil (africa-n))
               (europe-s "Southern Europe" nil (africa-n egypt))
               (ukraine "Ukraine" nil (europe-s))
               (great-britain "Great Britain" nil (europe-w))
               (europe-n "Northern Europe" nil (great-britain europe-w europe-s ukraine))
               (iceland "Iceland" nil (greenland great-britain))
               (scandinavia "Scandinavia" nil (iceland great-britain europe-n ukraine))

               (middle-east "Middle East" nil (egypt ukraine))
               (india "India" nil (middle-east))
               (siam "Siam" nil (india))
               (afghanistan "Afghanistan" nil (middle-east india ukraine))
               (china "China" nil (afghanistan india siam))
               (ural "Ural" nil (ukraine afghanistan china))
               (siberia "Siberia" nil (ural china))
               (mongolia "Mongolia" nil (siberia china))
               (japan "Japan" nil (mongolia))
               (irkutsk "Irkutsk" nil (siberia mongolia))
               (kamchatka "Kamchatka" nil (irkutsk mongolia japan alaska))

               (australia-w "Western Australia" nil ())
               (australia-e "Eastern Australia" nil (australia-w))
               (indonesia "Indonesia" nil (australia-w siam))
               (new-guinea "New Guinea" nil (indonesia australia-w australia-e)))
 :initial-armies ((2 4) (4 1)))

